ARM Linker, 5.03 [Build 76] [MDK-ARM Lite]

==============================================================================

Section Cross References

    assembler_startup.o(Programm) refers to assembler_startup.o(Daten) for TopStack


==============================================================================

Image Symbol Table

    Local Symbols

    Symbol Name                              Value     Ov Type        Size  Object(Section)

    Programm                                 0x00000000   Section      292  assembler_startup.o(Programm)
    Assembler_Startup.s                      0x00000000   Number         0  assembler_startup.o ABSOLUTE
    Daten                                    0x40000000   Section        6  assembler_startup.o(Daten)
    STR_1                                    0x40000000   Data           6  assembler_startup.o(Daten)
    STR_2                                    0x40000200   Data           0  assembler_startup.o(Daten)
    TopStack                                 0x40000400   Data           0  assembler_startup.o(Daten)

    Global Symbols

    Symbol Name                              Value     Ov Type        Size  Object(Section)

    BuildAttributes$$ARM_ISAv4$S$PE$A:L22$X:L11$S22$IEEE1$~IW$USESV6$~STKCKD$USESV7$~SHL$OSPACE$EBA8$STANDARDLIB$EABIv2 0x00000000   Number         0  anon$$obj.o ABSOLUTE



==============================================================================

Memory Map of the image

  Image Entry point : 0x00000000

  Load Region LR_1 (Base: 0x00000000, Size: 0x0000012c, Max: 0xffffffff, ABSOLUTE)

    Execution Region ER_RO (Base: 0x00000000, Size: 0x00000124, Max: 0xffffffff, ABSOLUTE)

    Base Addr    Size         Type   Attr      Idx    E Section Name        Object

    0x00000000   0x00000124   Code   RO            2  * Programm            assembler_startup.o


    Execution Region ER_RW (Base: 0x40000000, Size: 0x00000008, Max: 0xffffffff, ABSOLUTE)

    Base Addr    Size         Type   Attr      Idx    E Section Name        Object

    0x40000000   0x00000006   Data   RW            1    Daten               assembler_startup.o


    Execution Region ER_ZI (Base: 0x40000008, Size: 0x00000000, Max: 0xffffffff, ABSOLUTE)

    **** No section assigned to this execution region ****


==============================================================================

Image component sizes


      Code (inc. data)   RO Data    RW Data    ZI Data      Debug   Object Name

       292         24          0          6          0        340   assembler_startup.o

    ----------------------------------------------------------------------
       292         24          0          8          0        340   Object Totals
         0          0          0          0          0          0   (incl. Generated)
         0          0          0          2          0          0   (incl. Padding)

    ----------------------------------------------------------------------
         0          0          0          0          0          0   Library Totals
         0          0          0          0          0          0   (incl. Padding)

    ----------------------------------------------------------------------

==============================================================================


      Code (inc. data)   RO Data    RW Data    ZI Data      Debug   

       292         24          0          8          0        340   Grand Totals
       292         24          0          8          0        340   ELF Image Totals
       292         24          0          8          0          0   ROM Totals

==============================================================================

    Total RO  Size (Code + RO Data)                  292 (   0.29kB)
    Total RW  Size (RW Data + ZI Data)                 8 (   0.01kB)
    Total ROM Size (Code + RO Data + RW Data)        300 (   0.29kB)

==============================================================================

