<html>
<body>
<pre>
<h1>µVision Build Log</h1>
<h2>Project:</h2>
C:\Users\Christian\Documents\Uni\Mikroprozessortechnik\Timer-Interrupt\C_Uebung.uvproj
Project File Date:  01/06/2025

<h2>Output:</h2>
Rebuild target 'Simulator'
assembling Startup.s...
compiling C_Uebung.c...
C_Uebung.c(58): warning:  #68-D: integer conversion resulted in a change of sign
          if (currentLED == 0x80) direction = -1;               // Change direction
C_Uebung.c: 1 warning, 0 errors
linking...
Program Size: Code=1060 RO-data=32 RW-data=8 ZI-data=1256  
".\C_Uebung.axf" - 0 Error(s), 1 Warning(s).
