<html>
<body>
<pre>
<h1>µVision Build Log</h1>
<h2>Project:</h2>
C:\Users\pi\Desktop\Versuch_4\C_Uebung.uvproj
Project File Date:  01/31/2025

<h2>Output:</h2>
Rebuild target 'Zielsystem'
assembling Startup.s...
compiling C_Uebung.c...
linking...
Program Size: Code=3080 RO-data=112 RW-data=12 ZI-data=1260  
".\C_Uebung.axf" - 0 Error(s), 0 Warning(s).
Load "C:\\Users\\pi\\Desktop\\Versuch_4\\C_Uebung.axf" 
ProjectFile = C:\Users\pi\Desktop\Versuch_4\JLinkArm_Zielsystem.ini
Device = LPC2194
Info: Device "LPC2194" selected.
VTarget = 3.308V
Info: TotalIRLen = 4, IRPrint = 0x01
Info: RTCK reaction time is approx. 83ns
Info: Auto JTAG speed: Adaptive
Info: RESET has cleared breakpoint, using default reset strategy.
Info: Resetting target using RESET pin
Info: Resetting TRST
DLL version V6.12f, compiled Jan 13 2017 16:37:50
Firmware: J-Link V9 compiled May  7 2021 16:26:12
Hardware: V9.30
Hardware-Breakpoints: 2
Software-Breakpoints: 8192
Watchpoints:          0
Found 1 JTAG device, Total IRLen = 4:
 Id of device #0: 0x4F1F0F0F
ARM7 identified.
Using adaptive clocking instead of fixed JTAG speed.
Info: RESET has cleared breakpoint, using default reset strategy.
Info: Resetting target using RESET pin
Info: Resetting TRST
JTAG speed: 1000 kHz
Erase Done.
Programming Done.
Verify OK.
